2026-09-17 17:43:11.419: [INFO][Sync] Reset engine, reason: 8
2026-09-17 17:43:11.419: [INFO][Sync] Stopped: Bookmarks
2026-09-17 17:43:11.419: [INFO][Sync] Stopped: Preferences
2026-09-17 17:43:11.419: [INFO][Sync] Stopped: Passwords
2026-09-17 17:43:11.419: [INFO][Sync] Stopped: Autofill Profiles
2026-09-17 17:43:11.419: [INFO][Sync] Stopped: Autofill
2026-09-17 17:43:11.419: [INFO][Sync] Stopped: Extensions
2026-09-17 17:43:11.419: [INFO][Sync] Stopped: Sessions
2026-09-17 17:43:11.419: [INFO][Sync] Stopped: Extension settings
2026-09-17 17:43:11.419: [INFO][Sync] Stopped: History Delete Directives
2026-09-17 17:43:11.419: [INFO][Sync] Stopped: Device Info
2026-09-17 17:43:11.419: [INFO][Sync] Stopped: User Consents
2026-09-17 17:43:11.419: [INFO][Sync] Stopped: Send Tab To Self
2026-09-17 17:43:11.419: [INFO][Sync] Stopped: Web Apps
2026-09-17 17:43:11.419: [INFO][Sync] Stopped: History
2026-09-17 17:43:11.419: [INFO][Sync] Stopped: Saved Tab Group
2026-09-17 17:43:11.419: [INFO][Sync] Stopped: WebAuthn Credentials
2026-09-17 17:43:11.419: [INFO][Sync] Stopped: Edge Hub App Usage
2026-09-17 17:43:11.419: [INFO][Sync] Stopped: Edge Journey
2026-09-17 17:43:11.419: [INFO][Sync] Stopped: Edge Workspace
2026-09-17 17:43:11.419: [INFO][Sync] SyncState after authenticated was: NotSignedIn
2026-09-17 17:43:11.589: [INFO][Sync] Reset engine, reason: 8
2026-09-17 17:43:11.589: [INFO][Sync] Stopped: Bookmarks
2026-09-17 17:43:11.589: [INFO][Sync] Stopped: Preferences
2026-09-17 17:43:11.589: [INFO][Sync] Stopped: Passwords
2026-09-17 17:43:11.589: [INFO][Sync] Stopped: Autofill Profiles
2026-09-17 17:43:11.589: [INFO][Sync] Stopped: Autofill
2026-09-17 17:43:11.589: [INFO][Sync] Stopped: Extensions
2026-09-17 17:43:11.589: [INFO][Sync] Stopped: Sessions
2026-09-17 17:43:11.589: [INFO][Sync] Stopped: Extension settings
2026-09-17 17:43:11.589: [INFO][Sync] Stopped: History Delete Directives
2026-09-17 17:43:11.589: [INFO][Sync] Stopped: Device Info
2026-09-17 17:43:11.589: [INFO][Sync] Stopped: User Consents
2026-09-17 17:43:11.589: [INFO][Sync] Stopped: Send Tab To Self
2026-09-17 17:43:11.589: [INFO][Sync] Stopped: Web Apps
2026-09-17 17:43:11.589: [INFO][Sync] Stopped: History
2026-09-17 17:43:11.589: [INFO][Sync] Stopped: Saved Tab Group
2026-09-17 17:43:11.589: [INFO][Sync] Stopped: WebAuthn Credentials
2026-09-17 17:43:11.589: [INFO][Sync] Stopped: Edge Hub App Usage
2026-09-17 17:43:11.589: [INFO][Sync] Stopped: Edge Journey
2026-09-17 17:43:11.589: [INFO][Sync] Stopped: Edge Workspace
2026-09-17 17:43:43.134: [INFO][Sync] Reset engine, reason: 0
2026-09-17 17:45:00.735: [INFO][Sync] Reset engine, reason: 8
2026-09-17 17:45:00.735: [INFO][Sync] Stopped: Bookmarks
2026-09-17 17:45:00.735: [INFO][Sync] Stopped: Preferences
2026-09-17 17:45:00.735: [INFO][Sync] Stopped: Passwords
2026-09-17 17:45:00.735: [INFO][Sync] Stopped: Autofill Profiles
2026-09-17 17:45:00.735: [INFO][Sync] Stopped: Autofill
2026-09-17 17:45:00.735: [INFO][Sync] Stopped: Extensions
2026-09-17 17:45:00.735: [INFO][Sync] Stopped: Sessions
2026-09-17 17:45:00.735: [INFO][Sync] Stopped: Extension settings
2026-09-17 17:45:00.735: [INFO][Sync] Stopped: History Delete Directives
2026-09-17 17:45:00.735: [INFO][Sync] Stopped: Device Info
2026-09-17 17:45:00.735: [INFO][Sync] Stopped: User Consents
2026-09-17 17:45:00.735: [INFO][Sync] Stopped: Send Tab To Self
2026-09-17 17:45:00.735: [INFO][Sync] Stopped: Web Apps
2026-09-17 17:45:00.735: [INFO][Sync] Stopped: History
2026-09-17 17:45:00.735: [INFO][Sync] Stopped: Saved Tab Group
2026-09-17 17:45:00.735: [INFO][Sync] Stopped: WebAuthn Credentials
2026-09-17 17:45:00.735: [INFO][Sync] Stopped: Edge Hub App Usage
2026-09-17 17:45:00.735: [INFO][Sync] Stopped: Edge Journey
2026-09-17 17:45:00.735: [INFO][Sync] Stopped: Edge Workspace
2026-09-17 17:45:00.736: [INFO][Sync] SyncState after authenticated was: NotSignedIn
2026-09-17 17:45:00.850: [INFO][Sync] Reset engine, reason: 8
2026-09-17 17:45:00.850: [INFO][Sync] Stopped: Bookmarks
2026-09-17 17:45:00.850: [INFO][Sync] Stopped: Preferences
2026-09-17 17:45:00.850: [INFO][Sync] Stopped: Passwords
2026-09-17 17:45:00.850: [INFO][Sync] Stopped: Autofill Profiles
2026-09-17 17:45:00.850: [INFO][Sync] Stopped: Autofill
2026-09-17 17:45:00.850: [INFO][Sync] Stopped: Extensions
2026-09-17 17:45:00.850: [INFO][Sync] Stopped: Sessions
2026-09-17 17:45:00.850: [INFO][Sync] Stopped: Extension settings
2026-09-17 17:45:00.850: [INFO][Sync] Stopped: History Delete Directives
2026-09-17 17:45:00.850: [INFO][Sync] Stopped: Device Info
2026-09-17 17:45:00.850: [INFO][Sync] Stopped: User Consents
2026-09-17 17:45:00.850: [INFO][Sync] Stopped: Send Tab To Self
2026-09-17 17:45:00.850: [INFO][Sync] Stopped: Web Apps
2026-09-17 17:45:00.850: [INFO][Sync] Stopped: History
2026-09-17 17:45:00.850: [INFO][Sync] Stopped: Saved Tab Group
2026-09-17 17:45:00.850: [INFO][Sync] Stopped: WebAuthn Credentials
2026-09-17 17:45:00.850: [INFO][Sync] Stopped: Edge Hub App Usage
2026-09-17 17:45:00.850: [INFO][Sync] Stopped: Edge Journey
2026-09-17 17:45:00.850: [INFO][Sync] Stopped: Edge Workspace
2026-09-17 17:45:32.242: [INFO][Sync] Reset engine, reason: 0
2026-09-17 17:46:00.446: [INFO][Sync] Reset engine, reason: 8
2026-09-17 17:46:00.446: [INFO][Sync] Stopped: Bookmarks
2026-09-17 17:46:00.446: [INFO][Sync] Stopped: Preferences
2026-09-17 17:46:00.446: [INFO][Sync] Stopped: Passwords
2026-09-17 17:46:00.446: [INFO][Sync] Stopped: Autofill Profiles
2026-09-17 17:46:00.446: [INFO][Sync] Stopped: Autofill
2026-09-17 17:46:00.446: [INFO][Sync] Stopped: Extensions
2026-09-17 17:46:00.446: [INFO][Sync] Stopped: Sessions
2026-09-17 17:46:00.446: [INFO][Sync] Stopped: Extension settings
2026-09-17 17:46:00.446: [INFO][Sync] Stopped: History Delete Directives
2026-09-17 17:46:00.446: [INFO][Sync] Stopped: Device Info
2026-09-17 17:46:00.446: [INFO][Sync] Stopped: User Consents
2026-09-17 17:46:00.446: [INFO][Sync] Stopped: Send Tab To Self
2026-09-17 17:46:00.446: [INFO][Sync] Stopped: Web Apps
2026-09-17 17:46:00.446: [INFO][Sync] Stopped: History
2026-09-17 17:46:00.446: [INFO][Sync] Stopped: Saved Tab Group
2026-09-17 17:46:00.446: [INFO][Sync] Stopped: WebAuthn Credentials
2026-09-17 17:46:00.446: [INFO][Sync] Stopped: Edge Hub App Usage
2026-09-17 17:46:00.446: [INFO][Sync] Stopped: Edge Journey
2026-09-17 17:46:00.446: [INFO][Sync] Stopped: Edge Workspace
2026-09-17 17:46:00.446: [INFO][Sync] SyncState after authenticated was: NotSignedIn
2026-09-17 17:46:00.562: [INFO][Sync] Reset engine, reason: 8
2026-09-17 17:46:00.562: [INFO][Sync] Stopped: Bookmarks
2026-09-17 17:46:00.562: [INFO][Sync] Stopped: Preferences
2026-09-17 17:46:00.562: [INFO][Sync] Stopped: Passwords
2026-09-17 17:46:00.562: [INFO][Sync] Stopped: Autofill Profiles
2026-09-17 17:46:00.562: [INFO][Sync] Stopped: Autofill
2026-09-17 17:46:00.562: [INFO][Sync] Stopped: Extensions
2026-09-17 17:46:00.562: [INFO][Sync] Stopped: Sessions
2026-09-17 17:46:00.562: [INFO][Sync] Stopped: Extension settings
2026-09-17 17:46:00.562: [INFO][Sync] Stopped: History Delete Directives
2026-09-17 17:46:00.562: [INFO][Sync] Stopped: Device Info
2026-09-17 17:46:00.562: [INFO][Sync] Stopped: User Consents
2026-09-17 17:46:00.562: [INFO][Sync] Stopped: Send Tab To Self
2026-09-17 17:46:00.562: [INFO][Sync] Stopped: Web Apps
2026-09-17 17:46:00.562: [INFO][Sync] Stopped: History
2026-09-17 17:46:00.562: [INFO][Sync] Stopped: Saved Tab Group
2026-09-17 17:46:00.562: [INFO][Sync] Stopped: WebAuthn Credentials
2026-09-17 17:46:00.562: [INFO][Sync] Stopped: Edge Hub App Usage
2026-09-17 17:46:00.562: [INFO][Sync] Stopped: Edge Journey
2026-09-17 17:46:00.562: [INFO][Sync] Stopped: Edge Workspace
2026-09-17 17:46:32.010: [INFO][Sync] Reset engine, reason: 0
