2026-09-17 17:43:11.538: [INFO] CurrentProfilePath: C:\Users\alkhi\Downloads\VSCODE-USESTRICTLY!\.edge-headless\Default
2026-09-17 17:43:11.538: [INFO] Profiles total count: 1
2026-09-17 17:43:11.538: [INFO] Profile: name=Profile 1 path=C:\Users\alkhi\Downloads\VSCODE-USESTRICTLY!\.edge-headless\Default lastActive=2026-09-17T17:43:11.519Z
2026-09-17 17:43:11.538: [INFO] LastUsedProfileDir: C:\Users\alkhi\Downloads\VSCODE-USESTRICTLY!\.edge-headless\Default
2026-09-17 17:43:11.538: [INFO] MostRecentlyActiveProfile: name=Profile 1 path=C:\Users\alkhi\Downloads\VSCODE-USESTRICTLY!\.edge-headless\Default lastActive=2026-09-17T17:43:11.519Z
2026-09-17 17:43:11.538: [INFO] OnDoneLoading sync enabled: 0
2026-09-17 17:43:11.538: [INFO] BookmarkModelLoaded, ids_reassigned: 0
2026-09-17 17:43:11.538: [INFO] BookmarksLoadDropped droppedNodes=0
2026-09-17 17:43:11.538: [INFO] BookmarksSnapshot Startup total=0 bar=0 other=0 mobile=0 showBar=0 showBarNTP=1
2026-09-17 17:43:11.590: [INFO] RecordSyncInitDuration has_sync_been_enabled: 0 state: 0
2026-09-17 17:43:11.747: [INFO] VisibilityChanged: 0
2026-09-17 17:43:43.134: [INFO] BookmarksSnapshot Shutdown total=0 bar=0 other=0 mobile=0 showBar=0 showBarNTP=1
2026-09-17 17:45:00.849: [INFO] CurrentProfilePath: C:\Users\alkhi\Downloads\VSCODE-USESTRICTLY!\.edge-headless\Default
2026-09-17 17:45:00.849: [INFO] Profiles total count: 1
2026-09-17 17:45:00.849: [INFO] Profile: name=Profile 1 path=C:\Users\alkhi\Downloads\VSCODE-USESTRICTLY!\.edge-headless\Default lastActive=2026-09-17T17:45:00.826Z
2026-09-17 17:45:00.849: [INFO] LastUsedProfileDir: C:\Users\alkhi\Downloads\VSCODE-USESTRICTLY!\.edge-headless\Default
2026-09-17 17:45:00.849: [INFO] MostRecentlyActiveProfile: name=Profile 1 path=C:\Users\alkhi\Downloads\VSCODE-USESTRICTLY!\.edge-headless\Default lastActive=2026-09-17T17:45:00.826Z
2026-09-17 17:45:00.849: [INFO] OnDoneLoading sync enabled: 0
2026-09-17 17:45:00.849: [INFO] BookmarkModelLoaded, ids_reassigned: 0
2026-09-17 17:45:00.849: [INFO] BookmarksLoadDropped droppedNodes=0
2026-09-17 17:45:00.849: [INFO] BookmarksSnapshot Startup total=0 bar=0 other=0 mobile=0 showBar=0 showBarNTP=1
2026-09-17 17:45:00.851: [INFO] RecordSyncInitDuration has_sync_been_enabled: 0 state: 0
2026-09-17 17:45:00.940: [INFO] VisibilityChanged: 0
2026-09-17 17:45:32.242: [INFO] BookmarksSnapshot Shutdown total=0 bar=0 other=0 mobile=0 showBar=0 showBarNTP=1
2026-09-17 17:46:00.561: [INFO] CurrentProfilePath: C:\Users\alkhi\Downloads\VSCODE-USESTRICTLY!\.edge-headless\Default
2026-09-17 17:46:00.561: [INFO] Profiles total count: 1
2026-09-17 17:46:00.561: [INFO] Profile: name=Profile 1 path=C:\Users\alkhi\Downloads\VSCODE-USESTRICTLY!\.edge-headless\Default lastActive=2026-09-17T17:46:00.538Z
2026-09-17 17:46:00.561: [INFO] LastUsedProfileDir: C:\Users\alkhi\Downloads\VSCODE-USESTRICTLY!\.edge-headless\Default
2026-09-17 17:46:00.561: [INFO] MostRecentlyActiveProfile: name=Profile 1 path=C:\Users\alkhi\Downloads\VSCODE-USESTRICTLY!\.edge-headless\Default lastActive=2026-09-17T17:46:00.538Z
2026-09-17 17:46:00.561: [INFO] OnDoneLoading sync enabled: 0
2026-09-17 17:46:00.561: [INFO] BookmarkModelLoaded, ids_reassigned: 0
2026-09-17 17:46:00.561: [INFO] BookmarksLoadDropped droppedNodes=0
2026-09-17 17:46:00.561: [INFO] BookmarksSnapshot Startup total=0 bar=0 other=0 mobile=0 showBar=0 showBarNTP=1
2026-09-17 17:46:00.563: [INFO] RecordSyncInitDuration has_sync_been_enabled: 0 state: 0
2026-09-17 17:46:00.656: [INFO] VisibilityChanged: 0
2026-09-17 17:46:32.010: [INFO] BookmarksSnapshot Shutdown total=0 bar=0 other=0 mobile=0 showBar=0 showBarNTP=1
