2026-09-17 17:46:44.599: [INFO] CurrentProfilePath: C:\Users\alkhi\Downloads\VSCODE-USESTRICTLY!\.edge-headless-mobile\Default
2026-09-17 17:46:44.599: [INFO] Profiles total count: 1
2026-09-17 17:46:44.599: [INFO] Profile: name=Profile 1 path=C:\Users\alkhi\Downloads\VSCODE-USESTRICTLY!\.edge-headless-mobile\Default lastActive=2026-09-17T17:46:44.574Z
2026-09-17 17:46:44.599: [INFO] LastUsedProfileDir: C:\Users\alkhi\Downloads\VSCODE-USESTRICTLY!\.edge-headless-mobile\Default
2026-09-17 17:46:44.599: [INFO] MostRecentlyActiveProfile: name=Profile 1 path=C:\Users\alkhi\Downloads\VSCODE-USESTRICTLY!\.edge-headless-mobile\Default lastActive=2026-09-17T17:46:44.574Z
2026-09-17 17:46:44.599: [INFO] OnDoneLoading sync enabled: 0
2026-09-17 17:46:44.599: [INFO] BookmarkModelLoaded, ids_reassigned: 0
2026-09-17 17:46:44.599: [INFO] BookmarksLoadDropped droppedNodes=0
2026-09-17 17:46:44.599: [INFO] BookmarksSnapshot Startup total=0 bar=0 other=0 mobile=0 showBar=0 showBarNTP=1
2026-09-17 17:46:44.602: [INFO] RecordSyncInitDuration has_sync_been_enabled: 0 state: 0
2026-09-17 17:46:44.789: [INFO] VisibilityChanged: 0
2026-09-17 17:47:15.449: [INFO] BookmarksSnapshot Shutdown total=0 bar=0 other=0 mobile=0 showBar=0 showBarNTP=1
2026-09-17 17:47:56.167: [INFO] CurrentProfilePath: C:\Users\alkhi\Downloads\VSCODE-USESTRICTLY!\.edge-headless-mobile\Default
2026-09-17 17:47:56.167: [INFO] Profiles total count: 1
2026-09-17 17:47:56.167: [INFO] Profile: name=Profile 1 path=C:\Users\alkhi\Downloads\VSCODE-USESTRICTLY!\.edge-headless-mobile\Default lastActive=2026-09-17T17:47:56.144Z
2026-09-17 17:47:56.167: [INFO] LastUsedProfileDir: C:\Users\alkhi\Downloads\VSCODE-USESTRICTLY!\.edge-headless-mobile\Default
2026-09-17 17:47:56.167: [INFO] MostRecentlyActiveProfile: name=Profile 1 path=C:\Users\alkhi\Downloads\VSCODE-USESTRICTLY!\.edge-headless-mobile\Default lastActive=2026-09-17T17:47:56.144Z
2026-09-17 17:47:56.167: [INFO] OnDoneLoading sync enabled: 0
2026-09-17 17:47:56.167: [INFO] BookmarkModelLoaded, ids_reassigned: 0
2026-09-17 17:47:56.167: [INFO] BookmarksLoadDropped droppedNodes=0
2026-09-17 17:47:56.167: [INFO] BookmarksSnapshot Startup total=0 bar=0 other=0 mobile=0 showBar=0 showBarNTP=1
2026-09-17 17:47:56.169: [INFO] RecordSyncInitDuration has_sync_been_enabled: 0 state: 0
2026-09-17 17:47:56.248: [INFO] VisibilityChanged: 0
2026-09-17 17:48:27.063: [INFO] BookmarksSnapshot Shutdown total=0 bar=0 other=0 mobile=0 showBar=0 showBarNTP=1
